Microsoft (R) Macro Assembler Version 14.44.35223.0	    04/11/26 17:22:43
..\AddTwo.asm						     Page 1 - 1


				; =========================================================================================
				; AUTHOR:		ALEJANDRO PANTOJA-ZURITA
				; COLLEGE:		DELAWARE TECHNICAL COMMUNITY COLLEGE
				; COURSE:		CIS 130: COMPUTER ORGANIZATION
				; INSTRUCTOR:	JIN AN
				; DATE:			APRIL 12, 2026
				; PROJECT:		ASSIGNMENT 6: ASSEMBLY PROGRAM 2
				; NOTES:		PROGRAM CREATED TO TEST COMPETENCE WITH PROCEDURES, COMPARISONS, BRANCHING
				;				AND ARRAY INDEXING IN ASSEMBLY.
				; =========================================================================================


				.386												; Target CPU (32-bit CPU)

				.model flat,stdcall

				.stack 4096											; Allocates stack space (4096 bytes) for program.

 00000000			.data												; Variables are declared past this point

 00000000 0000002A			temps DWORD 42, 62, 58, 71, 39, 66, 74			; Variable used to store an array of elements.
	   0000003E
	   0000003A
	   00000047
	   00000027
	   00000042
	   0000004A
 0000001C 00000007			arraySize DWORD LENGTHOF temps					; Variable used to store the length of the temps array.
 00000020 0000003C			threshold DWORD 60								; Variable used to store comparison value.
 00000024 00000000			warmDayCount DWORD ?							; Variable used to store the amount of days that are warm based on temps.

				ExitProcess proto,dwExitCode:dword 

 00000000			.code												; Instructions go past this point

 00000000			main proc											; Main procedure (function) starts here.

 00000000  8B 0D 0000001C R		mov ecx, arraySize								; (used in countWarmDay procedure) Initialize ecx as the counter for a loop with a value of the array length. ECX = 7
 00000006  8B 15 00000020 R		mov edx, threshold								; (used in countWarmDay procedure) Initialize edx with the value stores inside threshold. EDX = 60
 0000000C  BE 00000000 R		mov esi, OFFSET temps							; (used in countWarmDay procedure) Initialize esi with the value of memory address for numbers array. EDX = numbers array address
					
 00000011  E8 0000000C			call countWarmDays								; call countWarmDays procedure (function).

 00000016  A3 00000024 R		mov warmDayCount, eax							; Move the value stored inside eax to the warmDayCount variable in memory. warmDayCount = eax (total # of warm days)

					invoke ExitProcess,0							; Tell Operating System to terminate the program.

 00000022			main endp											; Main procedure (function) ends here.







				; --------------------------------------------------------------------------------------------------------------------------------------------------
 00000022			countWarmDays proc									; countWarmDays procedure (function) starts here.
				;
				; Calculates the total number of warm days from an array. (32 bit integer - 4 bytes per element is hardcoded into loop used to calculate sum)
				; Recieves: ECX (number of elements), EDX (threshold), ESI (array base address)
				; Returns: EAX =  # of warm days.
				; Requires: ECX, EDX, & ESI to be initialized before procedure is called to function properly.
				; --------------------------------------------------------------------------------------------------------------------------------------------------

 00000022  B8 00000000		mov	eax, 0											; Initialize eax with the value of 0 to keep track of the total number of warm days. EAX = 0
 00000027  BB 00000000		mov ebx, 0											; Initialize ebx with the value of 0 to increment through the array while inside the loop. EBX = 0

 0000002C			L1:													; Loop created to get sum of array. L1 acts as the label to let program know where loop starts.
					
 0000002C  8B 3C 9E			mov edi, [esi + ebx * 4]						; Add the value stored in numbers[index value] to edi. (edi = eax + numbers[index])
 0000002F  3B FA			cmp edi, edx									; Compare the value stored in edx to the value in edi. if (EDI (array value) == EDX (60))

 00000031  7E 01			jle lessThanOrEqualTo							; Jump to "lessThanOrEqualTo" if EDI < EDX.

 00000033  40				inc eax											; Increment the value of eax whenever value of EDI > EDX.

 00000034			lessThanOrEqualTo:									; Jump to this point in code if EDI < EDX.

 00000034  43				inc ebx											; Increment the value of esi to cycle through array. (esi++)

 00000035  E2 F5		loop L1												; Let program know to repeat loop again until ecx = 0. ecx automatically decrements each loop.

 00000037  C3				ret												; return to main procedure (function).

 00000038			countWarmDays endp										; sumArray procedure (function) ends here.








				end main											; Code for "linker", lets program know the entry point is the main procedure (function)
Microsoft (R) Macro Assembler Version 14.44.35223.0	    04/11/26 17:22:43
..\AddTwo.asm						     Symbols 2 - 1




Segments and Groups:

                N a m e                 Size     Length   Align   Combine Class

FLAT . . . . . . . . . . . . . .	GROUP
STACK  . . . . . . . . . . . . .	32 Bit	 00001000 DWord	  Stack	  'STACK'	 
_DATA  . . . . . . . . . . . . .	32 Bit	 00000028 DWord	  Public  'DATA'	
_TEXT  . . . . . . . . . . . . .	32 Bit	 00000038 DWord	  Public  'CODE'	


Procedures, parameters, and locals:

                N a m e                 Type     Value    Attr

ExitProcess  . . . . . . . . . .	P Near	 00000000 FLAT	Length= 00000000 External STDCALL
countWarmDays  . . . . . . . . .	P Near	 00000022 _TEXT	Length= 00000016 Public STDCALL
  L1 . . . . . . . . . . . . . .	L Near	 0000002C _TEXT	
  lessThanOrEqualTo  . . . . . .	L Near	 00000034 _TEXT	
main . . . . . . . . . . . . . .	P Near	 00000000 _TEXT	Length= 00000022 Public STDCALL


Symbols:

                N a m e                 Type     Value    Attr

@CodeSize  . . . . . . . . . . .	Number	 00000000h   
@DataSize  . . . . . . . . . . .	Number	 00000000h   
@Interface . . . . . . . . . . .	Number	 00000003h   
@Model . . . . . . . . . . . . .	Number	 00000007h   
@code  . . . . . . . . . . . . .	Text   	 _TEXT
@data  . . . . . . . . . . . . .	Text   	 FLAT
@fardata?  . . . . . . . . . . .	Text   	 FLAT
@fardata . . . . . . . . . . . .	Text   	 FLAT
@stack . . . . . . . . . . . . .	Text   	 FLAT
arraySize  . . . . . . . . . . .	DWord	 0000001C _DATA	
temps  . . . . . . . . . . . . .	DWord	 00000000 _DATA	
threshold  . . . . . . . . . . .	DWord	 00000020 _DATA	
warmDayCount . . . . . . . . . .	DWord	 00000024 _DATA	

	   0 Warnings
	   0 Errors
