Microsoft (R) Macro Assembler Version 14.44.35223.0	    03/08/26 14:29:38
..\AddTwo.asm						     Page 1 - 1


				; AddTwo.asm - adds two 32-bit integers.
				; Chapter 3 example

				.386									; Target CPU (32-bit CPU)

				.model flat,stdcall

				.stack 4096								; Allocates stack space (4096 bytes) for program.

 00000000			.data									; Variables are declared past this point

 00000000 0000000C		num dword 12							; Declare 'dword' variable called 'num' with the value '12' stored inside. (num = 12)
 00000004 00000000		result dword ?							; Declare 'dword' variable called 'result' to store the result of the addition. '?' means its unititalized.
				ExitProcess proto,dwExitCode:dword 

 00000000			.code									; Instructions go past this point

 00000000			main proc								; Main procedure (function) starts here.

 00000000  A1 00000000 R		mov	eax, num						; Move the data stored in 'num' to the register eax. (eax = num (12))
 00000005  BB 0000000A			mov ebx,10							; Move the value '10' to the register ebx. (ebx = 10)
 0000000A  03 C3			add	eax,ebx							; Add the value stored in ebx (10) to eax (12). (eax = eax + ebx)
 0000000C  A3 00000004 R		mov result, eax						; Move the data stored in 'eax' to the variable 'result'. (result = eax (10))

					invoke ExitProcess,0				; Tell Operating System to terminate the program.

 00000018			main endp								; Main procedure (function) ends here.

				end main								; Code for "linker", lets program know the entry point is the main procedure (function)
Microsoft (R) Macro Assembler Version 14.44.35223.0	    03/08/26 14:29:38
..\AddTwo.asm						     Symbols 2 - 1




Segments and Groups:

                N a m e                 Size     Length   Align   Combine Class

FLAT . . . . . . . . . . . . . .	GROUP
STACK  . . . . . . . . . . . . .	32 Bit	 00001000 DWord	  Stack	  'STACK'	 
_DATA  . . . . . . . . . . . . .	32 Bit	 00000008 DWord	  Public  'DATA'	
_TEXT  . . . . . . . . . . . . .	32 Bit	 00000018 DWord	  Public  'CODE'	


Procedures, parameters, and locals:

                N a m e                 Type     Value    Attr

ExitProcess  . . . . . . . . . .	P Near	 00000000 FLAT	Length= 00000000 External STDCALL
main . . . . . . . . . . . . . .	P Near	 00000000 _TEXT	Length= 00000018 Public STDCALL


Symbols:

                N a m e                 Type     Value    Attr

@CodeSize  . . . . . . . . . . .	Number	 00000000h   
@DataSize  . . . . . . . . . . .	Number	 00000000h   
@Interface . . . . . . . . . . .	Number	 00000003h   
@Model . . . . . . . . . . . . .	Number	 00000007h   
@code  . . . . . . . . . . . . .	Text   	 _TEXT
@data  . . . . . . . . . . . . .	Text   	 FLAT
@fardata?  . . . . . . . . . . .	Text   	 FLAT
@fardata . . . . . . . . . . . .	Text   	 FLAT
@stack . . . . . . . . . . . . .	Text   	 FLAT
num  . . . . . . . . . . . . . .	DWord	 00000000 _DATA	
result . . . . . . . . . . . . .	DWord	 00000004 _DATA	

	   0 Warnings
	   0 Errors
